../STM32_WPAN/App/app_ble.c:1665:13:Switch_OFF_GPIO	0	static
../STM32_WPAN/App/app_ble.c:1659:13:Adv_Cancel_Req	0	static
../STM32_WPAN/App/app_ble.c:1466:13:Ble_UserEvtRx	16	static
../STM32_WPAN/App/app_ble.c:1542:13:BleStack_Process_BG	8	static
../STM32_WPAN/App/app_ble.c:1567:13:BLE_ResumeFlowProcessCallback	0	static
../STM32_WPAN/App/app_ble.c:1578:13:BLE_NvmCallback	0	static
../STM32_WPAN/App/app_ble.c:281:6:APP_BLE_Init	80	static
../STM32_WPAN/App/app_ble.c:802:22:APP_BLE_Get_Server_Connection_Status	0	static
../STM32_WPAN/App/app_ble.c:807:6:APP_BLE_Procedure_Gap_General	32	static
../STM32_WPAN/App/app_ble.c:892:6:APP_BLE_Procedure_Gap_Peripheral	48	static
../STM32_WPAN/App/app_ble.c:1671:13:Adv_Cancel	8	static
../STM32_WPAN/App/app_ble.c:1052:6:APP_BLE_Procedure_Gap_Central	32	static
../STM32_WPAN/App/app_ble.c:387:28:SVCCTL_App_Notification	56	static
../STM32_WPAN/App/app_ble.c:1140:6:APP_BLE_Key_Button1_Action	8	static
../STM32_WPAN/App/app_ble.c:1155:6:APP_BLE_Key_Button2_Action	0	static
../STM32_WPAN/App/app_ble.c:1161:6:APP_BLE_Key_Button3_Action	0	static
../STM32_WPAN/App/app_ble.c:1687:9:BLECB_Indication	32	static
../STM32_WPAN/App/app_ble.c:1727:6:NVMCB_Store	0	static
