../Core/Src/stm32wbaxx_it.c:82:6:NMI_Handler	0	static
../Core/Src/stm32wbaxx_it.c:97:6:HardFault_Handler	0	static
../Core/Src/stm32wbaxx_it.c:112:6:MemManage_Handler	0	static
../Core/Src/stm32wbaxx_it.c:127:6:BusFault_Handler	0	static
../Core/Src/stm32wbaxx_it.c:142:6:UsageFault_Handler	0	static
../Core/Src/stm32wbaxx_it.c:157:6:SVC_Handler	0	static
../Core/Src/stm32wbaxx_it.c:170:6:DebugMon_Handler	0	static
../Core/Src/stm32wbaxx_it.c:183:6:PendSV_Handler	0	static
../Core/Src/stm32wbaxx_it.c:196:6:SysTick_Handler	0	static
../Core/Src/stm32wbaxx_it.c:217:6:RTC_IRQHandler	0	static
../Core/Src/stm32wbaxx_it.c:231:6:RCC_IRQHandler	0	static
../Core/Src/stm32wbaxx_it.c:255:6:EXTI6_IRQHandler	8	static
../Core/Src/stm32wbaxx_it.c:270:6:EXTI7_IRQHandler	8	static
../Core/Src/stm32wbaxx_it.c:285:6:EXTI13_IRQHandler	8	static
../Core/Src/stm32wbaxx_it.c:300:6:GPDMA1_Channel0_IRQHandler	0	static
../Core/Src/stm32wbaxx_it.c:314:6:GPDMA1_Channel1_IRQHandler	0	static
../Core/Src/stm32wbaxx_it.c:327:6:USART1_IRQHandler	0	static
../Core/Src/stm32wbaxx_it.c:341:6:RNG_IRQHandler	0	static
../Core/Src/stm32wbaxx_it.c:355:6:RADIO_IRQHandler	8	static,ignoring_inline_asm
../Core/Src/stm32wbaxx_it.c:379:6:HASH_IRQHandler	8	static,ignoring_inline_asm
